Component: ARM Compiler 5.05 update 1 (build 106) Tool: armlink [4d0efa]

==============================================================================

Section Cross References

    main.o(i.main) refers to hyhwgpio.o(i.hyhwGpio_SetOut) for hyhwGpio_SetOut
    main.o(i.main) refers to hyhwgpio.o(i.hyhwGpio_SetHigh) for hyhwGpio_SetHigh
    main.o(i.main) refers to hyhwgpio.o(i.hyhwGpio_SetLow) for hyhwGpio_SetLow
    scm3_it.o(i.GPIOA_IRQHandler) refers to hyhwgpio.o(i.hyhwGpioA_IRQ) for hyhwGpioA_IRQ
    scm3_it.o(i.GPIOB_IRQHandler) refers to hyhwgpio.o(i.hyhwGpioB_IRQ) for hyhwGpioB_IRQ
    scm3_it.o(i.GPIOC_IRQHandler) refers to hyhwgpio.o(i.hyhwGpioC_IRQ) for hyhwGpioC_IRQ
    scm3_it.o(i.Timer1IntHandler) refers to hyhwtimer.o(i.hyhwTimerA_IRQ) for hyhwTimerA_IRQ
    scm3_it.o(i.UART_IRQHandler) refers to hyhwuart.o(i.hyhwUart_IRQ) for hyhwUart_IRQ
    startup_scm3.o(RESET) refers to startup_scm3.o(STACK) for __initial_sp
    startup_scm3.o(RESET) refers to startup_scm3.o(.text) for Reset_Handler
    startup_scm3.o(RESET) refers to scm3_it.o(i.NMI_Handler) for NMI_Handler
    startup_scm3.o(RESET) refers to scm3_it.o(i.HardFault_Handler) for HardFault_Handler
    startup_scm3.o(RESET) refers to scm3_it.o(i.MemManage_Handler) for MemManage_Handler
    startup_scm3.o(RESET) refers to scm3_it.o(i.BusFault_Handler) for BusFault_Handler
    startup_scm3.o(RESET) refers to scm3_it.o(i.UsageFault_Handler) for UsageFault_Handler
    startup_scm3.o(RESET) refers to scm3_it.o(i.SVC_Handler) for SVC_Handler
    startup_scm3.o(RESET) refers to scm3_it.o(i.DebugMon_Handler) for DebugMon_Handler
    startup_scm3.o(RESET) refers to scm3_it.o(i.PendSV_Handler) for PendSV_Handler
    startup_scm3.o(RESET) refers to scm3_it.o(i.SysTick_Handler) for SysTick_Handler
    startup_scm3.o(RESET) refers to scm3_it.o(i.Timer1IntHandler) for Timer1IntHandler
    startup_scm3.o(RESET) refers to scm3_it.o(i.Timer2IntHandler) for Timer2IntHandler
    startup_scm3.o(RESET) refers to scm3_it.o(i.WWDG_IRQHandler) for WWDG_IRQHandler
    startup_scm3.o(RESET) refers to scm3_it.o(i.DINTC_IRQHandler) for DINTC_IRQHandler
    startup_scm3.o(RESET) refers to scm3_it.o(i.DINTE_IRQHandler) for DINTE_IRQHandler
    startup_scm3.o(RESET) refers to scm3_it.o(i.GPIOC_IRQHandler) for GPIOC_IRQHandler
    startup_scm3.o(RESET) refers to scm3_it.o(i.UART_IRQHandler) for UART_IRQHandler
    startup_scm3.o(RESET) refers to scm3_it.o(i.GPIOA_IRQHandler) for GPIOA_IRQHandler
    startup_scm3.o(RESET) refers to scm3_it.o(i.GPIOB_IRQHandler) for GPIOB_IRQHandler
    startup_scm3.o(RESET) refers to scm3_it.o(i.FLASH_IRQHandler) for FLASH_IRQHandler
    startup_scm3.o(.text) refers to entry.o(.ARM.Collect$$$$00000000) for __main
    hyhwuart.o(i.hyhwUart_IRQ) refers to hyhwuart.o(i.hyhwUart_SendCh) for hyhwUart_SendCh
    hyhwtimer.o(i.hyhwTimerA_IRQ) refers to hyhwgpio.o(i.hyhwGpio_SetLow) for hyhwGpio_SetLow
    hyhwtimer.o(i.hyhwTimerA_IRQ) refers to hyhwgpio.o(i.hyhwGpio_SetHigh) for hyhwGpio_SetHigh
    hyhwtimer.o(i.hyhwTimerA_IRQ) refers to hyhwtimer.o(.data) for gTest
    hyhwgpio.o(i.hyhwGpioA_IRQ) refers to hyhwgpio.o(i.hyhwGpio_IntClr) for hyhwGpio_IntClr
    hyhwgpio.o(i.hyhwGpioB_IRQ) refers to hyhwgpio.o(i.hyhwGpio_IntClr) for hyhwGpio_IntClr
    hyhwspi.o(i.hyhwSPI_Init) refers to hyhwdma.o(i.hyhwDMAC_Init) for hyhwDMAC_Init
    hyhw_spiflash.o(i.hyhwSpiFlash_EraseSector) refers to hyhw_spiflash.o(i.hyhwSpiFlash_WriteEnable) for hyhwSpiFlash_WriteEnable
    hyhw_spiflash.o(i.hyhwSpiFlash_EraseSector) refers to hyhw_spiflash.o(i.hyhwSpiFlash_WaitForWriteEnd) for hyhwSpiFlash_WaitForWriteEnd
    hyhw_spiflash.o(i.hyhwSpiFlash_EraseSector) refers to hyhw_spiflash.o(i.hyhwSpiFlash_WriteDisable) for hyhwSpiFlash_WriteDisable
    hyhw_spiflash.o(i.hyhwSpiFlash_Init) refers to hyhwdma.o(i.hyhwDMAC_Init) for hyhwDMAC_Init
    hyhw_spiflash.o(i.hyhwSpiFlash_Read) refers to hyhw_spiflash.o(i.hyhwSpiFlash_ReadBuffer) for hyhwSpiFlash_ReadBuffer
    hyhw_spiflash.o(i.hyhwSpiFlash_ReadBuffer) refers to hyhwdma.o(i.hyhwDma_Config) for hyhwDma_Config
    hyhw_spiflash.o(i.hyhwSpiFlash_ReadUniqueID) refers to hyhwdma.o(i.hyhwDma_Config) for hyhwDma_Config
    hyhw_spiflash.o(i.hyhwSpiFlash_Write) refers to hyhw_spiflash.o(i.hyhwSpiFlash_ReadBuffer) for hyhwSpiFlash_ReadBuffer
    hyhw_spiflash.o(i.hyhwSpiFlash_Write) refers to memcpya.o(.text) for __aeabi_memcpy
    hyhw_spiflash.o(i.hyhwSpiFlash_Write) refers to hyhw_spiflash.o(i.hyhwSpiFlash_EraseSector) for hyhwSpiFlash_EraseSector
    hyhw_spiflash.o(i.hyhwSpiFlash_Write) refers to hyhw_spiflash.o(i.hyhwSpiFlash_WritePage) for hyhwSpiFlash_WritePage
    hyhw_spiflash.o(i.hyhwSpiFlash_Write) refers to hyhw_spiflash.o(.bss) for flashBufP
    hyhw_spiflash.o(i.hyhwSpiFlash_WritePage) refers to hyhw_spiflash.o(i.hyhwSpiFlash_WriteEnable) for hyhwSpiFlash_WriteEnable
    hyhw_spiflash.o(i.hyhwSpiFlash_WritePage) refers to hyhwdma.o(i.hyhwDma_Config) for hyhwDma_Config
    hyhw_spiflash.o(i.hyhwSpiFlash_WritePage) refers to hyhw_spiflash.o(i.hyhwSpiFlash_WaitForWriteEnd) for hyhwSpiFlash_WaitForWriteEnd
    hyhw_spiflash.o(i.hyhwSpiFlash_WritePage) refers to hyhw_spiflash.o(i.hyhwSpiFlash_WriteDisable) for hyhwSpiFlash_WriteDisable
    entry.o(.ARM.Collect$$$$00000000) refers (Special) to entry10a.o(.ARM.Collect$$$$0000000D) for __rt_final_cpp
    entry.o(.ARM.Collect$$$$00000000) refers (Special) to entry11a.o(.ARM.Collect$$$$0000000F) for __rt_final_exit
    entry.o(.ARM.Collect$$$$00000000) refers (Special) to entry7b.o(.ARM.Collect$$$$00000008) for _main_clock
    entry.o(.ARM.Collect$$$$00000000) refers (Special) to entry8b.o(.ARM.Collect$$$$0000000A) for _main_cpp_init
    entry.o(.ARM.Collect$$$$00000000) refers (Special) to entry9a.o(.ARM.Collect$$$$0000000B) for _main_init
    entry.o(.ARM.Collect$$$$00000000) refers (Special) to entry5.o(.ARM.Collect$$$$00000004) for _main_scatterload
    entry.o(.ARM.Collect$$$$00000000) refers (Special) to entry2.o(.ARM.Collect$$$$00000001) for _main_stk
    entry2.o(.ARM.Collect$$$$00000001) refers to entry2.o(.ARM.Collect$$$$00002712) for __lit__00000000
    entry2.o(.ARM.Collect$$$$00002712) refers to startup_scm3.o(STACK) for __initial_sp
    entry2.o(__vectab_stack_and_reset_area) refers to startup_scm3.o(STACK) for __initial_sp
    entry2.o(__vectab_stack_and_reset_area) refers to entry.o(.ARM.Collect$$$$00000000) for __main
    entry5.o(.ARM.Collect$$$$00000004) refers to init.o(.text) for __scatterload
    entry9a.o(.ARM.Collect$$$$0000000B) refers to main.o(i.main) for main
    entry9b.o(.ARM.Collect$$$$0000000C) refers to main.o(i.main) for main
    init.o(.text) refers to entry5.o(.ARM.Collect$$$$00000004) for __main_after_scatterload


==============================================================================

Removing Unused input sections from the image.

    Removing main.o(.bss), (10640 bytes).
    Removing main.o(.data), (16 bytes).
    Removing retarget.o(i.fgetc), (28 bytes).
    Removing retarget.o(i.fputc), (44 bytes).
    Removing startup_scm3.o(HEAP), (0 bytes).
    Removing core_cm3.o(.emb_text), (32 bytes).
    Removing hyhwuart.o(i.hyhwUart_DeInit), (24 bytes).
    Removing hyhwuart.o(i.hyhwUart_Init), (104 bytes).
    Removing hyhwuart.o(i.hyhwUart__IntConfig), (32 bytes).
    Removing hyhwtimer.o(i.hyhwTimerA_InitTimer1), (48 bytes).
    Removing hyhwtimer.o(i.hyhwTimerA_InitTimer2), (48 bytes).
    Removing hyhwgpio.o(i.hyhwGpio_IntConfig), (168 bytes).
    Removing hyhwgpio.o(i.hyhwGpio_Read), (18 bytes).
    Removing hyhwgpio.o(i.hyhwGpio_SetIn), (12 bytes).
    Removing hyhwdma.o(i.hyhwDMAC_Init), (52 bytes).
    Removing hyhwdma.o(i.hyhwDma_Config), (336 bytes).
    Removing hyhwdma.o(i.hyhwUartDma_Config), (356 bytes).
    Removing hyhwspi.o(i.hyhwDelayUS), (24 bytes).
    Removing hyhwspi.o(i.hyhwSPI_Init), (56 bytes).
    Removing hyhwwatchdog.o(i.hyhwWatchdog_Feed), (36 bytes).
    Removing hyhwwatchdog.o(i.hyhwWatchdog_Init), (32 bytes).
    Removing hyhw_spiflash.o(i.hyhwSpiFlash_EraseSector), (76 bytes).
    Removing hyhw_spiflash.o(i.hyhwSpiFlash_Init), (56 bytes).
    Removing hyhw_spiflash.o(i.hyhwSpiFlash_Read), (20 bytes).
    Removing hyhw_spiflash.o(i.hyhwSpiFlash_ReadBuffer), (356 bytes).
    Removing hyhw_spiflash.o(i.hyhwSpiFlash_ReadID), (52 bytes).
    Removing hyhw_spiflash.o(i.hyhwSpiFlash_ReadUniqueID), (100 bytes).
    Removing hyhw_spiflash.o(i.hyhwSpiFlash_WaitForWriteEnd), (52 bytes).
    Removing hyhw_spiflash.o(i.hyhwSpiFlash_Write), (136 bytes).
    Removing hyhw_spiflash.o(i.hyhwSpiFlash_WriteDisable), (40 bytes).
    Removing hyhw_spiflash.o(i.hyhwSpiFlash_WriteEnable), (40 bytes).
    Removing hyhw_spiflash.o(i.hyhwSpiFlash_WritePage), (140 bytes).
    Removing hyhw_spiflash.o(.bss), (4096 bytes).
    Removing sys_ctl.o(i.Get_Flash_Data_base), (12 bytes).
    Removing sys_ctl.o(i.Sys_Remap), (20 bytes).
    Removing sys_ctl.o(i.Sys_Reset), (20 bytes).

36 unused section(s) (total 17322 bytes) removed from the image.

==============================================================================

Image Symbol Table

    Local Symbols

    Symbol Name                              Value     Ov Type        Size  Object(Section)

    ../clib/microlib/init/entry.s            0x00000000   Number         0  entry9a.o ABSOLUTE
    ../clib/microlib/init/entry.s            0x00000000   Number         0  entry8b.o ABSOLUTE
    ../clib/microlib/init/entry.s            0x00000000   Number         0  entry10b.o ABSOLUTE
    ../clib/microlib/init/entry.s            0x00000000   Number         0  entry2.o ABSOLUTE
    ../clib/microlib/init/entry.s            0x00000000   Number         0  entry.o ABSOLUTE
    ../clib/microlib/init/entry.s            0x00000000   Number         0  entry11b.o ABSOLUTE
    ../clib/microlib/init/entry.s            0x00000000   Number         0  entry8a.o ABSOLUTE
    ../clib/microlib/init/entry.s            0x00000000   Number         0  entry11a.o ABSOLUTE
    ../clib/microlib/init/entry.s            0x00000000   Number         0  entry7b.o ABSOLUTE
    ../clib/microlib/init/entry.s            0x00000000   Number         0  entry7a.o ABSOLUTE
    ../clib/microlib/init/entry.s            0x00000000   Number         0  entry10a.o ABSOLUTE
    ../clib/microlib/init/entry.s            0x00000000   Number         0  entry5.o ABSOLUTE
    ../clib/microlib/init/entry.s            0x00000000   Number         0  entry9b.o ABSOLUTE
    ../clib/microlib/string/memcpy.c         0x00000000   Number         0  memcpyb.o ABSOLUTE
    ../clib/microlib/string/memcpy.c         0x00000000   Number         0  memcpya.o ABSOLUTE
    ..\..\Driver\src\hyhwDma.c               0x00000000   Number         0  hyhwdma.o ABSOLUTE
    ..\..\Driver\src\hyhwGPIO.c              0x00000000   Number         0  hyhwgpio.o ABSOLUTE
    ..\..\Driver\src\hyhwSpi.c               0x00000000   Number         0  hyhwspi.o ABSOLUTE
    ..\..\Driver\src\hyhwTimer.c             0x00000000   Number         0  hyhwtimer.o ABSOLUTE
    ..\..\Driver\src\hyhwUart.c              0x00000000   Number         0  hyhwuart.o ABSOLUTE
    ..\..\Driver\src\hyhwWatchdog.c          0x00000000   Number         0  hyhwwatchdog.o ABSOLUTE
    ..\..\Driver\src\hyhw_SpiFlash.c         0x00000000   Number         0  hyhw_spiflash.o ABSOLUTE
    ..\..\Driver\src\sys_ctl.c               0x00000000   Number         0  sys_ctl.o ABSOLUTE
    ..\..\Source\src\SCM3_it.c               0x00000000   Number         0  scm3_it.o ABSOLUTE
    ..\..\Source\src\core_cm3.c              0x00000000   Number         0  core_cm3.o ABSOLUTE
    ..\..\Source\src\main.c                  0x00000000   Number         0  main.o ABSOLUTE
    ..\..\Source\src\retarget.c              0x00000000   Number         0  retarget.o ABSOLUTE
    ..\..\Source\src\startup_SCM3.s          0x00000000   Number         0  startup_scm3.o ABSOLUTE
    ..\\..\\Source\\src\\core_cm3.c          0x00000000   Number         0  core_cm3.o ABSOLUTE
    dc.s                                     0x00000000   Number         0  dc.o ABSOLUTE
    handlers.s                               0x00000000   Number         0  handlers.o ABSOLUTE
    init.s                                   0x00000000   Number         0  init.o ABSOLUTE
    RESET                                    0x20000000   Section      120  startup_scm3.o(RESET)
    .ARM.Collect$$$$00000000                 0x20000078   Section        0  entry.o(.ARM.Collect$$$$00000000)
    .ARM.Collect$$$$00000001                 0x20000078   Section        4  entry2.o(.ARM.Collect$$$$00000001)
    .ARM.Collect$$$$00000004                 0x2000007c   Section        4  entry5.o(.ARM.Collect$$$$00000004)
    .ARM.Collect$$$$00000008                 0x20000080   Section        0  entry7b.o(.ARM.Collect$$$$00000008)
    .ARM.Collect$$$$0000000A                 0x20000080   Section        0  entry8b.o(.ARM.Collect$$$$0000000A)
    .ARM.Collect$$$$0000000B                 0x20000080   Section        8  entry9a.o(.ARM.Collect$$$$0000000B)
    .ARM.Collect$$$$0000000D                 0x20000088   Section        0  entry10a.o(.ARM.Collect$$$$0000000D)
    .ARM.Collect$$$$0000000F                 0x20000088   Section        0  entry11a.o(.ARM.Collect$$$$0000000F)
    .ARM.Collect$$$$00002712                 0x20000088   Section        4  entry2.o(.ARM.Collect$$$$00002712)
    __lit__00000000                          0x20000088   Data           4  entry2.o(.ARM.Collect$$$$00002712)
    .text                                    0x2000008c   Section       32  startup_scm3.o(.text)
    .text                                    0x200000ac   Section       36  init.o(.text)
    i.BusFault_Handler                       0x200000d0   Section        0  scm3_it.o(i.BusFault_Handler)
    i.DINTC_IRQHandler                       0x200000d4   Section        0  scm3_it.o(i.DINTC_IRQHandler)
    i.DINTE_IRQHandler                       0x200000d8   Section        0  scm3_it.o(i.DINTE_IRQHandler)
    i.DebugMon_Handler                       0x200000dc   Section        0  scm3_it.o(i.DebugMon_Handler)
    i.FLASH_IRQHandler                       0x200000e0   Section        0  scm3_it.o(i.FLASH_IRQHandler)
    i.GPIOA_IRQHandler                       0x200000e4   Section        0  scm3_it.o(i.GPIOA_IRQHandler)
    i.GPIOB_IRQHandler                       0x200000ec   Section        0  scm3_it.o(i.GPIOB_IRQHandler)
    i.GPIOC_IRQHandler                       0x200000f4   Section        0  scm3_it.o(i.GPIOC_IRQHandler)
    i.HardFault_Handler                      0x200000fc   Section        0  scm3_it.o(i.HardFault_Handler)
    i.MemManage_Handler                      0x20000100   Section        0  scm3_it.o(i.MemManage_Handler)
    i.NMI_Handler                            0x20000104   Section        0  scm3_it.o(i.NMI_Handler)
    i.PendSV_Handler                         0x20000106   Section        0  scm3_it.o(i.PendSV_Handler)
    i.SVC_Handler                            0x2000010a   Section        0  scm3_it.o(i.SVC_Handler)
    i.SysTick_Handler                        0x2000010e   Section        0  scm3_it.o(i.SysTick_Handler)
    i.Timer1IntHandler                       0x20000112   Section        0  scm3_it.o(i.Timer1IntHandler)
    i.Timer2IntHandler                       0x2000011a   Section        0  scm3_it.o(i.Timer2IntHandler)
    i.UART_IRQHandler                        0x2000011e   Section        0  scm3_it.o(i.UART_IRQHandler)
    i.UsageFault_Handler                     0x20000126   Section        0  scm3_it.o(i.UsageFault_Handler)
    i.WWDG_IRQHandler                        0x2000012c   Section        0  scm3_it.o(i.WWDG_IRQHandler)
    i.__scatterload_copy                     0x20000138   Section       14  handlers.o(i.__scatterload_copy)
    i.__scatterload_null                     0x20000146   Section        2  handlers.o(i.__scatterload_null)
    i.__scatterload_zeroinit                 0x20000148   Section       14  handlers.o(i.__scatterload_zeroinit)
    i.hyhwGpioA_IRQ                          0x20000158   Section        0  hyhwgpio.o(i.hyhwGpioA_IRQ)
    i.hyhwGpioB_IRQ                          0x20000178   Section        0  hyhwgpio.o(i.hyhwGpioB_IRQ)
    i.hyhwGpioC_IRQ                          0x20000198   Section        0  hyhwgpio.o(i.hyhwGpioC_IRQ)
    i.hyhwGpio_IntClr                        0x2000019a   Section        0  hyhwgpio.o(i.hyhwGpio_IntClr)
    i.hyhwGpio_SetHigh                       0x200001a6   Section        0  hyhwgpio.o(i.hyhwGpio_SetHigh)
    i.hyhwGpio_SetLow                        0x200001b2   Section        0  hyhwgpio.o(i.hyhwGpio_SetLow)
    i.hyhwGpio_SetOut                        0x200001be   Section        0  hyhwgpio.o(i.hyhwGpio_SetOut)
    i.hyhwTimerA_IRQ                         0x200001cc   Section        0  hyhwtimer.o(i.hyhwTimerA_IRQ)
    i.hyhwUart_IRQ                           0x20000218   Section        0  hyhwuart.o(i.hyhwUart_IRQ)
    i.hyhwUart_SendCh                        0x20000238   Section        0  hyhwuart.o(i.hyhwUart_SendCh)
    i.main                                   0x20000254   Section        0  main.o(i.main)
    .data                                    0x20005000   Section        1  hyhwtimer.o(.data)
    STACK                                    0x20005008   Section     1024  startup_scm3.o(STACK)

    Global Symbols

    Symbol Name                              Value     Ov Type        Size  Object(Section)

    BuildAttributes$$THM_ISAv4$P$D$K$B$S$PE$A:L22UL41UL21$X:L11$S22US41US21$IEEE1$IW$USESV6$~STKCKD$USESV7$~SHL$OSPACE$EBA8$MICROLIB$REQ8$PRES8$EABIv2 0x00000000   Number         0  anon$$obj.o ABSOLUTE
    __ARM_use_no_argv                        0x00000000   Number         0  main.o ABSOLUTE
    __cpp_initialize__aeabi_                  - Undefined Weak Reference
    __cxa_finalize                            - Undefined Weak Reference
    __decompress                              - Undefined Weak Reference
    _clock_init                               - Undefined Weak Reference
    _microlib_exit                            - Undefined Weak Reference
    __Vectors_Size                           0x00000078   Number         0  startup_scm3.o ABSOLUTE
    __Vectors                                0x20000000   Data           4  startup_scm3.o(RESET)
    __Vectors_End                            0x20000078   Data           0  startup_scm3.o(RESET)
    __main                                   0x20000079   Thumb Code     0  entry.o(.ARM.Collect$$$$00000000)
    _main_stk                                0x20000079   Thumb Code     0  entry2.o(.ARM.Collect$$$$00000001)
    _main_scatterload                        0x2000007d   Thumb Code     0  entry5.o(.ARM.Collect$$$$00000004)
    __main_after_scatterload                 0x20000081   Thumb Code     0  entry5.o(.ARM.Collect$$$$00000004)
    _main_clock                              0x20000081   Thumb Code     0  entry7b.o(.ARM.Collect$$$$00000008)
    _main_cpp_init                           0x20000081   Thumb Code     0  entry8b.o(.ARM.Collect$$$$0000000A)
    _main_init                               0x20000081   Thumb Code     0  entry9a.o(.ARM.Collect$$$$0000000B)
    __rt_final_cpp                           0x20000089   Thumb Code     0  entry10a.o(.ARM.Collect$$$$0000000D)
    __rt_final_exit                          0x20000089   Thumb Code     0  entry11a.o(.ARM.Collect$$$$0000000F)
    SystemInit_ExtMemCtl                     0x2000008d   Thumb Code     2  startup_scm3.o(.text)
    Reset_Handler                            0x2000008f   Thumb Code     4  startup_scm3.o(.text)
    DMAIntHandler                            0x200000a5   Thumb Code     0  startup_scm3.o(.text)
    __scatterload                            0x200000ad   Thumb Code    28  init.o(.text)
    __scatterload_rt2                        0x200000ad   Thumb Code     0  init.o(.text)
    BusFault_Handler                         0x200000d1   Thumb Code     4  scm3_it.o(i.BusFault_Handler)
    DINTC_IRQHandler                         0x200000d5   Thumb Code     4  scm3_it.o(i.DINTC_IRQHandler)
    DINTE_IRQHandler                         0x200000d9   Thumb Code     4  scm3_it.o(i.DINTE_IRQHandler)
    DebugMon_Handler                         0x200000dd   Thumb Code     4  scm3_it.o(i.DebugMon_Handler)
    FLASH_IRQHandler                         0x200000e1   Thumb Code     4  scm3_it.o(i.FLASH_IRQHandler)
    GPIOA_IRQHandler                         0x200000e5   Thumb Code     8  scm3_it.o(i.GPIOA_IRQHandler)
    GPIOB_IRQHandler                         0x200000ed   Thumb Code     8  scm3_it.o(i.GPIOB_IRQHandler)
    GPIOC_IRQHandler                         0x200000f5   Thumb Code     8  scm3_it.o(i.GPIOC_IRQHandler)
    HardFault_Handler                        0x200000fd   Thumb Code     4  scm3_it.o(i.HardFault_Handler)
    MemManage_Handler                        0x20000101   Thumb Code     4  scm3_it.o(i.MemManage_Handler)
    NMI_Handler                              0x20000105   Thumb Code     2  scm3_it.o(i.NMI_Handler)
    PendSV_Handler                           0x20000107   Thumb Code     4  scm3_it.o(i.PendSV_Handler)
    SVC_Handler                              0x2000010b   Thumb Code     4  scm3_it.o(i.SVC_Handler)
    SysTick_Handler                          0x2000010f   Thumb Code     4  scm3_it.o(i.SysTick_Handler)
    Timer1IntHandler                         0x20000113   Thumb Code     8  scm3_it.o(i.Timer1IntHandler)
    Timer2IntHandler                         0x2000011b   Thumb Code     4  scm3_it.o(i.Timer2IntHandler)
    UART_IRQHandler                          0x2000011f   Thumb Code     8  scm3_it.o(i.UART_IRQHandler)
    UsageFault_Handler                       0x20000127   Thumb Code     4  scm3_it.o(i.UsageFault_Handler)
    WWDG_IRQHandler                          0x2000012d   Thumb Code     8  scm3_it.o(i.WWDG_IRQHandler)
    __scatterload_copy                       0x20000139   Thumb Code    14  handlers.o(i.__scatterload_copy)
    __scatterload_null                       0x20000147   Thumb Code     2  handlers.o(i.__scatterload_null)
    __scatterload_zeroinit                   0x20000149   Thumb Code    14  handlers.o(i.__scatterload_zeroinit)
    hyhwGpioA_IRQ                            0x20000159   Thumb Code    22  hyhwgpio.o(i.hyhwGpioA_IRQ)
    hyhwGpioB_IRQ                            0x20000179   Thumb Code    22  hyhwgpio.o(i.hyhwGpioB_IRQ)
    hyhwGpioC_IRQ                            0x20000199   Thumb Code     2  hyhwgpio.o(i.hyhwGpioC_IRQ)
    hyhwGpio_IntClr                          0x2000019b   Thumb Code    12  hyhwgpio.o(i.hyhwGpio_IntClr)
    hyhwGpio_SetHigh                         0x200001a7   Thumb Code    12  hyhwgpio.o(i.hyhwGpio_SetHigh)
    hyhwGpio_SetLow                          0x200001b3   Thumb Code    12  hyhwgpio.o(i.hyhwGpio_SetLow)
    hyhwGpio_SetOut                          0x200001bf   Thumb Code    12  hyhwgpio.o(i.hyhwGpio_SetOut)
    hyhwTimerA_IRQ                           0x200001cd   Thumb Code    64  hyhwtimer.o(i.hyhwTimerA_IRQ)
    hyhwUart_IRQ                             0x20000219   Thumb Code    28  hyhwuart.o(i.hyhwUart_IRQ)
    hyhwUart_SendCh                          0x20000239   Thumb Code    24  hyhwuart.o(i.hyhwUart_SendCh)
    main                                     0x20000255   Thumb Code    86  main.o(i.main)
    Region$$Table$$Base                      0x200002b4   Number         0  anon$$obj.o(Region$$Table)
    Region$$Table$$Limit                     0x200002d4   Number         0  anon$$obj.o(Region$$Table)
    gTest                                    0x20005000   Data           1  hyhwtimer.o(.data)
    __initial_sp                             0x20005408   Data           0  startup_scm3.o(STACK)



==============================================================================

Memory Map of the image

  Image Entry point : 0x20000079

  Load Region LR_IROM1 (Base: 0x20000000, Size: 0x000002d8, Max: 0x00004fff, ABSOLUTE)

    Execution Region ER_IROM1 (Base: 0x20000000, Size: 0x000002d4, Max: 0x00004fff, ABSOLUTE)

    Base Addr    Size         Type   Attr      Idx    E Section Name        Object

    0x20000000   0x00000078   Data   RO          203    RESET               startup_scm3.o
    0x20000078   0x00000000   Code   RO          516  * .ARM.Collect$$$$00000000  mc_w.l(entry.o)
    0x20000078   0x00000004   Code   RO          523    .ARM.Collect$$$$00000001  mc_w.l(entry2.o)
    0x2000007c   0x00000004   Code   RO          526    .ARM.Collect$$$$00000004  mc_w.l(entry5.o)
    0x20000080   0x00000000   Code   RO          528    .ARM.Collect$$$$00000008  mc_w.l(entry7b.o)
    0x20000080   0x00000000   Code   RO          530    .ARM.Collect$$$$0000000A  mc_w.l(entry8b.o)
    0x20000080   0x00000008   Code   RO          531    .ARM.Collect$$$$0000000B  mc_w.l(entry9a.o)
    0x20000088   0x00000000   Code   RO          533    .ARM.Collect$$$$0000000D  mc_w.l(entry10a.o)
    0x20000088   0x00000000   Code   RO          535    .ARM.Collect$$$$0000000F  mc_w.l(entry11a.o)
    0x20000088   0x00000004   Code   RO          524    .ARM.Collect$$$$00002712  mc_w.l(entry2.o)
    0x2000008c   0x00000020   Code   RO          204    .text               startup_scm3.o
    0x200000ac   0x00000024   Code   RO          537    .text               mc_w.l(init.o)
    0x200000d0   0x00000004   Code   RO           60    i.BusFault_Handler  scm3_it.o
    0x200000d4   0x00000004   Code   RO           61    i.DINTC_IRQHandler  scm3_it.o
    0x200000d8   0x00000004   Code   RO           62    i.DINTE_IRQHandler  scm3_it.o
    0x200000dc   0x00000004   Code   RO           63    i.DebugMon_Handler  scm3_it.o
    0x200000e0   0x00000004   Code   RO           64    i.FLASH_IRQHandler  scm3_it.o
    0x200000e4   0x00000008   Code   RO           65    i.GPIOA_IRQHandler  scm3_it.o
    0x200000ec   0x00000008   Code   RO           66    i.GPIOB_IRQHandler  scm3_it.o
    0x200000f4   0x00000008   Code   RO           67    i.GPIOC_IRQHandler  scm3_it.o
    0x200000fc   0x00000004   Code   RO           68    i.HardFault_Handler  scm3_it.o
    0x20000100   0x00000004   Code   RO           69    i.MemManage_Handler  scm3_it.o
    0x20000104   0x00000002   Code   RO           70    i.NMI_Handler       scm3_it.o
    0x20000106   0x00000004   Code   RO           71    i.PendSV_Handler    scm3_it.o
    0x2000010a   0x00000004   Code   RO           72    i.SVC_Handler       scm3_it.o
    0x2000010e   0x00000004   Code   RO           73    i.SysTick_Handler   scm3_it.o
    0x20000112   0x00000008   Code   RO           74    i.Timer1IntHandler  scm3_it.o
    0x2000011a   0x00000004   Code   RO           75    i.Timer2IntHandler  scm3_it.o
    0x2000011e   0x00000008   Code   RO           76    i.UART_IRQHandler   scm3_it.o
    0x20000126   0x00000004   Code   RO           77    i.UsageFault_Handler  scm3_it.o
    0x2000012a   0x00000002   PAD
    0x2000012c   0x0000000c   Code   RO           78    i.WWDG_IRQHandler   scm3_it.o
    0x20000138   0x0000000e   Code   RO          541    i.__scatterload_copy  mc_w.l(handlers.o)
    0x20000146   0x00000002   Code   RO          542    i.__scatterload_null  mc_w.l(handlers.o)
    0x20000148   0x0000000e   Code   RO          543    i.__scatterload_zeroinit  mc_w.l(handlers.o)
    0x20000156   0x00000002   PAD
    0x20000158   0x00000020   Code   RO          285    i.hyhwGpioA_IRQ     hyhwgpio.o
    0x20000178   0x00000020   Code   RO          286    i.hyhwGpioB_IRQ     hyhwgpio.o
    0x20000198   0x00000002   Code   RO          287    i.hyhwGpioC_IRQ     hyhwgpio.o
    0x2000019a   0x0000000c   Code   RO          288    i.hyhwGpio_IntClr   hyhwgpio.o
    0x200001a6   0x0000000c   Code   RO          291    i.hyhwGpio_SetHigh  hyhwgpio.o
    0x200001b2   0x0000000c   Code   RO          293    i.hyhwGpio_SetLow   hyhwgpio.o
    0x200001be   0x0000000c   Code   RO          294    i.hyhwGpio_SetOut   hyhwgpio.o
    0x200001ca   0x00000002   PAD
    0x200001cc   0x0000004c   Code   RO          258    i.hyhwTimerA_IRQ    hyhwtimer.o
    0x20000218   0x00000020   Code   RO          220    i.hyhwUart_IRQ      hyhwuart.o
    0x20000238   0x0000001c   Code   RO          222    i.hyhwUart_SendCh   hyhwuart.o
    0x20000254   0x00000060   Code   RO            1    i.main              main.o
    0x200002b4   0x00000020   Data   RO          539    Region$$Table       anon$$obj.o


    Execution Region RW_IRAM1 (Base: 0x20005000, Size: 0x00000408, Max: 0x00005fff, ABSOLUTE)

    Base Addr    Size         Type   Attr      Idx    E Section Name        Object

    0x20005000   0x00000001   Data   RW          261    .data               hyhwtimer.o
    0x20005001   0x00000007   PAD
    0x20005008   0x00000400   Zero   RW          201    STACK               startup_scm3.o


==============================================================================

Image component sizes


      Code (inc. data)   RO Data    RW Data    ZI Data      Debug   Object Name

       114         20          0          0          0       3789   hyhwgpio.o
        76         12          0          1          0        741   hyhwtimer.o
        60          8          0          0          0       6285   hyhwuart.o
        96         10          0          0          0       6255   main.o
       102          4          0          0          0       8502   scm3_it.o
        32          6        120          0       1024        876   startup_scm3.o

    ----------------------------------------------------------------------
       484         60        152          4       1028      26448   Object Totals
         0          0         32          0          0          0   (incl. Generated)
         4          0          0          3          4          0   (incl. Padding)

    ----------------------------------------------------------------------

      Code (inc. data)   RO Data    RW Data    ZI Data      Debug   Library Member Name

         0          0          0          0          0          0   entry.o
         0          0          0          0          0          0   entry10a.o
         0          0          0          0          0          0   entry11a.o
         8          4          0          0          0          0   entry2.o
         4          0          0          0          0          0   entry5.o
         0          0          0          0          0          0   entry7b.o
         0          0          0          0          0          0   entry8b.o
         8          4          0          0          0          0   entry9a.o
        30          0          0          0          0          0   handlers.o
        36          8          0          0          0         68   init.o

    ----------------------------------------------------------------------
        88         16          0          0          0         68   Library Totals
         2          0          0          0          0          0   (incl. Padding)

    ----------------------------------------------------------------------

      Code (inc. data)   RO Data    RW Data    ZI Data      Debug   Library Name

        86         16          0          0          0         68   mc_w.l

    ----------------------------------------------------------------------
        88         16          0          0          0         68   Library Totals

    ----------------------------------------------------------------------

==============================================================================


      Code (inc. data)   RO Data    RW Data    ZI Data      Debug   

       572         76        152          4       1028      25316   Grand Totals
       572         76        152          4       1028      25316   ELF Image Totals
       572         76        152          4          0          0   ROM Totals

==============================================================================

    Total RO  Size (Code + RO Data)                  724 (   0.71kB)
    Total RW  Size (RW Data + ZI Data)              1032 (   1.01kB)
    Total ROM Size (Code + RO Data + RW Data)        728 (   0.71kB)

==============================================================================

