<html>
<body>
<pre>
<h1>µVision Build Log</h1>
<h2>Tool Versions:</h2>
IDE-Version: ¦ÌVision V5.13.0.0
Copyright (C) 2014 ARM Ltd and ARM Germany GmbH. All rights reserved.
License Information: yicho zhou, comtech, LIC=PE7X7-EDLGT-NLECG-V1PGJ-2EWB8-5BHF7
 
Tool Versions:
Toolchain:       MDK-ARM Standard  Version: 5.13.0.0
Toolchain Path:  C:\Keil_v5\ARM\ARMCC\Bin
C Compiler:      Armcc.exe V5.05 update 1 (build 106)
Assembler:       Armasm.exe V5.05 update 1 (build 106)
Linker/Locator:  ArmLink.exe V5.05 update 1 (build 106)
Library Manager: ArmAr.exe V5.05 update 1 (build 106)
Hex Converter:   FromElf.exe V5.05 update 1 (build 106)
CPU DLL:         SARMCM3.DLL V5.13.0.0
Dialog DLL:      DCM.DLL V1.13.1.0
Target DLL:      Segger\JL2CM3.dll V2.99.11.0
Dialog DLL:      TCM.DLL V1.14.4.0
 
<h2>Project:</h2>
E:\00_Workspace\0608_AG16KSDE176_DemoBoard\SCM3_DVK\Project\RVMDK\project.uvprojx
Project File Date:  09/01/2017

<h2>Output:</h2>
Rebuild target 'Cpu_debug'
Clean started - Project: 'project'
   deleting intermediate output files for target 'Cpu_debug'
compiling main.c...
compiling SCM3_it.c...
compiling retarget.c...
assembling startup_SCM3.s...
compiling core_cm3.c...
compiling hyhwUart.c...
compiling hyhwTimer.c...
compiling hyhwGPIO.c...
compiling hyhwDma.c...
compiling hyhwSpi.c...
compiling hyhwWatchdog.c...
compiling hyhw_SpiFlash.c...
..\..\Driver\src\hyhw_SpiFlash.c(269): warning:  #177-D: variable "id" was declared but never referenced
    UInt32 id;
..\..\Driver\src\hyhw_SpiFlash.c: 1 warning, 0 errors
compiling sys_ctl.c...
linking...
Program Size: Code=572 RO-data=152 RW-data=4 ZI-data=1028  
".\Obj\output.axf" - 0 Error(s), 1 Warning(s).

*** Performing Cross-Module-Optimization:
compiling retarget.c...
compiling core_cm3.c...
compiling hyhwUart.c...
compiling hyhwTimer.c...
compiling hyhwGPIO.c...
compiling hyhwDma.c...
compiling hyhwSpi.c...
compiling hyhwWatchdog.c...
compiling hyhw_SpiFlash.c...
..\..\Driver\src\hyhw_SpiFlash.c(269): warning:  #177-D: variable "id" was declared but never referenced
    UInt32 id;
..\..\Driver\src\hyhw_SpiFlash.c: 1 warning, 0 errors
compiling sys_ctl.c...
linking...
Program Size: Code=572 RO-data=152 RW-data=4 ZI-data=1028  
After Build - User command #1: C:\Keil_v5\ARM\ARMCC\bin\fromelf.exe --bin -o ./bin/firmware.bin ./Obj/output.axf
".\Obj\output.axf" - 0 Error(s), 1 Warning(s).
*** Completed Cross-Module-Optimization after 2 iteration(s).

<h2>Collection of Component include folders:</h2>
  E:\00_Workspace\0608_AG16KSDE176_DemoBoard\SCM3_DVK\Project\RVMDK\RTE
  C:\Keil_v5\ARM\PACK\ARM\CMSIS\4.3.0

<h2>Collection of Component Files used:</h2>
</pre>
</body>
</html>
